// Jest Snapshot v1, https://goo.gl/fbAQLP

exports[` 1`] = `
<div>
  <ExpenseListItem
    amount={195}
    createdAt={0}
    description="gum"
    id={1}
    key="1"
    note=""
  />
  <ExpenseListItem
    amount={19500}
    createdAt={-345600000}
    description="Pencil"
    id={2}
    key="2"
    note=""
  />
  <ExpenseListItem
    amount={100}
    createdAt={345600000}
    description="Earser"
    id={3}
    key="3"
    note=""
  />
</div>
`;

exports[` 2`] = `
<div>
  <p>
    No expenses
  </p>
</div>
`;
