// Jest Snapshot v1, https://goo.gl/fbAQLP

exports[` 1`] = `
<div>
  <Link
    to="/edit/2"
  >
    <h3>
       
      Pencil
       
    </h3>
  </Link>
  <p>
    19500
     - 
    -345600000
  </p>
</div>
`;
